// Jest Snapshot v1, https://goo.gl/fbAQLP

exports[`renders the App without crashing 1`] = `
<Fragment>
  <Header />
  <MainRoute />
</Fragment>
`;
